[INFO] Scanning for projects...
[INFO] 
[INFO] ------------------------< com.ai:SpringAiDemo >-------------------------
[INFO] Building SpringAiDemo 0.0.1-SNAPSHOT
[INFO]   from pom.xml
[INFO] --------------------------------[ jar ]---------------------------------
[INFO] 
[INFO] >>> spring-boot:3.4.3:run (default-cli) > test-compile @ SpringAiDemo >>>
[INFO] 
[INFO] --- resources:3.3.1:resources (default-resources) @ SpringAiDemo ---
[INFO] Copying 1 resource from src\main\resources to target\classes
[INFO] Copying 1 resource from src\main\resources to target\classes
[INFO] 
[INFO] --- compiler:3.13.0:compile (default-compile) @ SpringAiDemo ---
[INFO] Nothing to compile - all classes are up to date.
[INFO] 
[INFO] --- resources:3.3.1:testResources (default-testResources) @ SpringAiDemo ---
[INFO] skip non existing resourceDirectory C:\workarea\notes\java\springboot\course\SpringAiDemo\src\test\resources
[INFO] 
[INFO] --- compiler:3.13.0:testCompile (default-testCompile) @ SpringAiDemo ---
[INFO] Nothing to compile - all classes are up to date.
[INFO] 
[INFO] <<< spring-boot:3.4.3:run (default-cli) < test-compile @ SpringAiDemo <<<
[INFO] 
[INFO] 
[INFO] --- spring-boot:3.4.3:run (default-cli) @ SpringAiDemo ---
[INFO] Attaching agents: []

  .   ____          _            __ _ _
 /\\ / ___'_ __ _ _(_)_ __  __ _ \ \ \ \
( ( )\___ | '_ | '_| | '_ \/ _` | \ \ \ \
 \\/  ___)| |_)| | | | | || (_| |  ) ) ) )
  '  |____| .__|_| |_|_| |_\__, | / / / /
 =========|_|==============|___/=/_/_/_/

 :: Spring Boot ::                (v3.4.3)

2025-03-09T20:29:05.378-04:00  INFO 27420 --- [SpringAiDemo] [           main] c.a.S.SpringAiDemoApplication            : Starting SpringAiDemoApplication using Java 21.0.6 with PID 27420 (C:\workarea\notes\java\springboot\course\SpringAiDemo\target\classes started by dexte in C:\workarea\notes\java\springboot\course\SpringAiDemo)
2025-03-09T20:29:05.378-04:00  INFO 27420 --- [SpringAiDemo] [           main] c.a.S.SpringAiDemoApplication            : No active profile set, falling back to 1 default profile: "default"
2025-03-09T20:29:06.265-04:00  INFO 27420 --- [SpringAiDemo] [           main] o.s.b.w.embedded.tomcat.TomcatWebServer  : Tomcat initialized with port 8080 (http)
2025-03-09T20:29:06.265-04:00  INFO 27420 --- [SpringAiDemo] [           main] o.apache.catalina.core.StandardService   : Starting service [Tomcat]
2025-03-09T20:29:06.265-04:00  INFO 27420 --- [SpringAiDemo] [           main] o.apache.catalina.core.StandardEngine    : Starting Servlet engine: [Apache Tomcat/10.1.36]
2025-03-09T20:29:06.313-04:00  INFO 27420 --- [SpringAiDemo] [           main] o.a.c.c.C.[Tomcat].[localhost].[/]       : Initializing Spring embedded WebApplicationContext
2025-03-09T20:29:06.313-04:00  INFO 27420 --- [SpringAiDemo] [           main] w.s.c.ServletWebServerApplicationContext : Root WebApplicationContext: initialization completed in 766 ms
2025-03-09T20:29:06.981-04:00  INFO 27420 --- [SpringAiDemo] [           main] o.s.b.w.embedded.tomcat.TomcatWebServer  : Tomcat started on port 8080 (http) with context path '/'
2025-03-09T20:29:06.981-04:00  INFO 27420 --- [SpringAiDemo] [           main] c.a.S.SpringAiDemoApplication            : Started SpringAiDemoApplication in 1.93 seconds (process running for 2.198)
2025-03-09T20:29:10.112-04:00  INFO 27420 --- [SpringAiDemo] [ionShutdownHook] o.s.b.w.e.tomcat.GracefulShutdown        : Commencing graceful shutdown. Waiting for active requests to complete
2025-03-09T20:29:10.124-04:00  INFO 27420 --- [SpringAiDemo] [tomcat-shutdown] o.s.b.w.e.tomcat.GracefulShutdown        : Graceful shutdown complete
[INFO] ------------------------------------------------------------------------
[INFO] BUILD SUCCESS
[INFO] ------------------------------------------------------------------------
[INFO] Total time:  7.010 s
[INFO] Finished at: 2025-03-09T20:29:10-04:00
[INFO] ------------------------------------------------------------------------
